\unset ECHO
1..26
ok 1 - findfuncs(public, ^test) should work
ok 2 - findfuncs(^test) should work
# public."test ident"()
ok 3 - ident
ok 4 - ident 2
# public.testplpgsql()
ok 5 - plpgsql simple
ok 6 - plpgsql simple 2
# public.testthis()
ok 7 - simple pass
ok 8 - another simple pass
# public."test ident"()
ok 9 - ident
ok 10 - ident 2
# public.testplpgsql()
ok 11 - plpgsql simple
ok 12 - plpgsql simple 2
# public.testthis()
ok 13 - simple pass
ok 14 - another simple pass
# public."test ident"()
ok 15 - ident
ok 16 - ident 2
# public.testplpgsql()
ok 17 - plpgsql simple
ok 18 - plpgsql simple 2
# public.testthis()
ok 19 - simple pass
ok 20 - another simple pass
# public."test ident"()
ok 21 - ident
ok 22 - ident 2
# public.testplpgsql()
ok 23 - plpgsql simple
ok 24 - plpgsql simple 2
# public.testthis()
ok 25 - simple pass
ok 26 - another simple pass
